2024-10-07 18:42:13,919 [INFO] Activator:176 - 


2024-10-07 18:42:13,923 [INFO] Activator:177 - !SESSION log4j initialized
2024-10-07 18:42:15,400 [INFO] ApplicationProperties:184 - Using Application install path: /home/cdelong/st/stm32cubeide_1.16.1/plugins/com.st.stm32cube.common.mx_6.12.1.202409122256
2024-10-07 18:42:15,410 [INFO] DbMcusXml:78 - Set database path to: /home/cdelong/st/stm32cubeide_1.16.1/plugins/com.st.stm32cube.common.mx_6.12.1.202409122256//db//mcu/
2024-10-07 18:42:15,410 [INFO] ApiDb:274 - Set plugin database path to: /home/cdelong/st/stm32cubeide_1.16.1/plugins/com.st.stm32cube.common.mx_6.12.1.202409122256//db//plugins/boardmanager/
2024-10-07 18:42:15,410 [WARN] ApiDb:259 - Overriding images path with different value:  => /home/cdelong/st/stm32cubeide_1.16.1/plugins/com.st.stm32cube.common.mx_6.12.1.202409122256//db//plugins/mcufinder/images/
2024-10-07 18:42:15,415 [INFO] ApiDb:250 - Set database path to: /home/cdelong/.stmcufinder/plugins/mcufinder//mcu/
2024-10-07 18:42:15,416 [INFO] DbMcusAds:125 - Set database path to: /home/cdelong/.stmcufinder/plugins/mcufinder//mcu/
2024-10-07 18:42:15,834 [INFO] CrossReferenceDbSqlite:203 - Set database path to: /home/cdelong/.stmcufinder/plugins/mcufinder//mcu/cs/
2024-10-07 18:42:16,142 [INFO] RulesReader:64 - Compatibility file has been processed (297 Rules)
2024-10-07 18:42:16,202 [INFO] DbMcusXml:78 - Set database path to: /home/cdelong/st/stm32cubeide_1.16.1/plugins/com.st.stm32cube.common.mx_6.12.1.202409122256//db//mcu/
2024-10-07 18:42:16,203 [INFO] ApiDb:274 - Set plugin database path to: /home/cdelong/st/stm32cubeide_1.16.1/plugins/com.st.stm32cube.common.mx_6.12.1.202409122256//db//plugins/boardmanager/
2024-10-07 18:42:16,203 [INFO] ApiDb:261 - Set plugin images path to: /home/cdelong/st/stm32cubeide_1.16.1/plugins/com.st.stm32cube.common.mx_6.12.1.202409122256//db//plugins/mcufinder/images/
2024-10-07 18:42:16,203 [WARN] DbFile:41 - Overriding database path with different value: /home/cdelong/.stmcufinder/plugins/mcufinder/ => /home/cdelong/.stmcufinder/plugins/mcufinder
2024-10-07 18:42:16,203 [INFO] ApiDb:250 - Set database path to: /home/cdelong/.stmcufinder/plugins/mcufinder//mcu/
2024-10-07 18:42:16,203 [WARN] DbFile:41 - Overriding database path with different value: /home/cdelong/.stmcufinder/plugins/mcufinder/ => /home/cdelong/.stmcufinder/plugins/mcufinder
2024-10-07 18:42:16,203 [INFO] DbMcusAds:125 - Set database path to: /home/cdelong/.stmcufinder/plugins/mcufinder//mcu/
2024-10-07 18:42:16,203 [WARN] DbFile:41 - Overriding database path with different value: /home/cdelong/.stmcufinder/plugins/mcufinder/ => /home/cdelong/.stmcufinder/plugins/mcufinder
2024-10-07 18:42:16,204 [WARN] DbFile:41 - Overriding database path with different value: /home/cdelong/.stmcufinder/plugins/mcufinder/ => /home/cdelong/.stmcufinder/plugins/mcufinder
2024-10-07 18:42:16,204 [INFO] CrossReferenceDbSqlite:203 - Set database path to: /home/cdelong/.stmcufinder/plugins/mcufinder//mcu/cs/
2024-10-07 18:42:16,266 [INFO] MainPanel:268 - HeapMemory: 268435456
2024-10-07 18:42:16,368 [INFO] DbMcusXml:78 - Set database path to: /home/cdelong/st/stm32cubeide_1.16.1/plugins/com.st.stm32cube.common.mx_6.12.1.202409122256//db//mcu/
2024-10-07 18:42:16,368 [INFO] ApiDb:274 - Set plugin database path to: /home/cdelong/st/stm32cubeide_1.16.1/plugins/com.st.stm32cube.common.mx_6.12.1.202409122256//db//plugins/boardmanager/
2024-10-07 18:42:16,368 [INFO] ApiDb:261 - Set plugin images path to: /home/cdelong/st/stm32cubeide_1.16.1/plugins/com.st.stm32cube.common.mx_6.12.1.202409122256//db//plugins/mcufinder/images/
2024-10-07 18:42:16,368 [WARN] DbFile:41 - Overriding database path with different value: /home/cdelong/.stmcufinder/plugins/mcufinder/ => /home/cdelong/.stmcufinder/plugins/mcufinder
2024-10-07 18:42:16,369 [INFO] ApiDb:250 - Set database path to: /home/cdelong/.stmcufinder/plugins/mcufinder//mcu/
2024-10-07 18:42:16,369 [WARN] DbFile:41 - Overriding database path with different value: /home/cdelong/.stmcufinder/plugins/mcufinder/ => /home/cdelong/.stmcufinder/plugins/mcufinder
2024-10-07 18:42:16,369 [INFO] DbMcusAds:125 - Set database path to: /home/cdelong/.stmcufinder/plugins/mcufinder//mcu/
2024-10-07 18:42:16,369 [WARN] DbFile:41 - Overriding database path with different value: /home/cdelong/.stmcufinder/plugins/mcufinder/ => /home/cdelong/.stmcufinder/plugins/mcufinder
2024-10-07 18:42:16,369 [WARN] DbFile:41 - Overriding database path with different value: /home/cdelong/.stmcufinder/plugins/mcufinder/ => /home/cdelong/.stmcufinder/plugins/mcufinder
2024-10-07 18:42:16,369 [INFO] CrossReferenceDbSqlite:203 - Set database path to: /home/cdelong/.stmcufinder/plugins/mcufinder//mcu/cs/
2024-10-07 18:42:16,381 [INFO] ApplicationProperties:184 - Using Application install path: /home/cdelong/st/stm32cubeide_1.16.1/plugins/com.st.stm32cube.common.mx_6.12.1.202409122256
2024-10-07 18:42:16,383 [INFO] PluginManage:196 - Search for loadable plugins [exclusion list=, ]
2024-10-07 18:42:16,384 [INFO] PluginManage:310 - Check plugin analytics
2024-10-07 18:42:16,624 [INFO] AnalyticsPlugin:253 - Accepted Software Licenses: 
2024-10-07 18:42:16,624 [INFO] AnalyticsPlugin:255 - Accepted CMSIS Pack Licenses: 
2024-10-07 18:42:16,624 [INFO] AnalyticsPlugin:257 - Accepted Firmware Licenses: FW.F4.1.28.0
2024-10-07 18:42:16,626 [INFO] PluginManage:359 - Loaded plugin analytics (category:tool,tabindex:-1)
2024-10-07 18:42:16,626 [INFO] PluginManage:310 - Check plugin cadmodel
2024-10-07 18:42:16,629 [INFO] CADModel:105 - Init CAD model plugin
2024-10-07 18:42:16,629 [INFO] PluginManage:359 - Loaded plugin cadmodel (category:power,tabindex:5)
2024-10-07 18:42:16,629 [INFO] PluginManage:310 - Check plugin clock
2024-10-07 18:42:16,636 [INFO] PluginManage:359 - Loaded plugin clock (category:base,tabindex:2)
2024-10-07 18:42:16,636 [INFO] PluginManage:310 - Check plugin ddr
2024-10-07 18:42:16,638 [INFO] PluginManage:359 - Loaded plugin ddr (category:tool,tabindex:6)
2024-10-07 18:42:16,638 [INFO] PluginManage:310 - Check plugin filemanager
2024-10-07 18:42:16,733 [INFO] PluginManage:359 - Loaded plugin filemanager (category:base,tabindex:10)
2024-10-07 18:42:16,733 [INFO] PluginManage:310 - Check plugin ipmanager
2024-10-07 18:42:16,736 [INFO] PluginManage:359 - Loaded plugin ipmanager (category:base,tabindex:5)
2024-10-07 18:42:16,736 [INFO] PluginManage:310 - Check plugin lpbam
2024-10-07 18:42:16,742 [INFO] PluginManage:359 - Loaded plugin lpbam (category:base,tabindex:0)
2024-10-07 18:42:16,742 [INFO] PluginManage:310 - Check plugin memorymap
2024-10-07 18:42:16,750 [INFO] PluginManage:359 - Loaded plugin memorymap (category:base,tabindex:4)
2024-10-07 18:42:16,750 [INFO] PluginManage:310 - Check plugin pinoutandconfiguration
2024-10-07 18:42:16,756 [INFO] PluginManage:359 - Loaded plugin pinoutandconfiguration (category:base,tabindex:1)
2024-10-07 18:42:16,756 [INFO] PluginManage:310 - Check plugin pinoutconfig
2024-10-07 18:42:16,811 [WARN] SupportedApi:132 - Cannot load RTOS API schema: s4s-elt-must-match.1: The content of 'definitions' must match (annotation?, (simpleType | complexType)?, (unique | key | keyref)*)). A problem was found starting at: attribute.
2024-10-07 18:42:16,894 [INFO] PluginManage:359 - Loaded plugin pinoutconfig (category:base,tabindex:0)
2024-10-07 18:42:16,894 [INFO] PluginManage:310 - Check plugin power
2024-10-07 18:42:16,901 [INFO] PluginManage:359 - Loaded plugin power (category:power,tabindex:4)
2024-10-07 18:42:16,901 [INFO] PluginManage:310 - Check plugin projectmanager
2024-10-07 18:42:16,911 [INFO] PluginManage:359 - Loaded plugin projectmanager (category:projectmanager,tabindex:4)
2024-10-07 18:42:16,911 [INFO] PluginManage:310 - Check plugin rif
2024-10-07 18:42:16,915 [INFO] PluginManage:359 - Loaded plugin rif (category:base,tabindex:3)
2024-10-07 18:42:16,916 [INFO] PluginManage:310 - Check plugin thirdparty
2024-10-07 18:42:16,993 [INFO] PluginManage:359 - Loaded plugin thirdparty (category:base,tabindex:-1)
2024-10-07 18:42:16,993 [WARN] IntegrityCheckThread:84 - waiting for thirdparty lock release [integrity check]
2024-10-07 18:42:16,993 [INFO] PluginManage:310 - Check plugin tools
2024-10-07 18:42:16,993 [INFO] IntegrityCheckThread:86 - entering critical section [integrity check]
2024-10-07 18:42:16,993 [INFO] ThirdPartyUpdaterWithRetryManager:70 - Updater plugin not ready yet. [1/15]
2024-10-07 18:42:16,994 [INFO] PluginManage:359 - Loaded plugin tools (category:base,tabindex:7)
2024-10-07 18:42:16,994 [INFO] PluginManage:310 - Check plugin tutovideos
2024-10-07 18:42:17,104 [INFO] PluginManage:359 - Loaded plugin tutovideos (category:base,tabindex:-1)
2024-10-07 18:42:17,105 [INFO] PluginManage:310 - Check plugin updater
2024-10-07 18:42:17,116 [INFO] PluginManage:359 - Loaded plugin updater (category:base,tabindex:12)
2024-10-07 18:42:17,116 [INFO] PluginManage:310 - Check plugin userauth
2024-10-07 18:42:17,121 [INFO] UserAuth:113 - Init User Auth plugin
2024-10-07 18:42:17,121 [INFO] PluginManage:359 - Loaded plugin userauth (category:base,tabindex:14)
2024-10-07 18:42:17,121 [INFO] PluginManage:283 - PluginManage : Loaded plugins [18]
2024-10-07 18:42:17,234 [INFO] PinOutPanel:1561 - setPackage(No Configuration,No Configuration)
2024-10-07 18:42:17,283 [INFO] CADModel:165 - CPN selected for project level
2024-10-07 18:42:17,283 [INFO] CADModel:114 - Register for checkConnection events
2024-10-07 18:42:17,294 [INFO] IPUIPlugin:80 - create IPUIPlugin
2024-10-07 18:42:17,294 [INFO] PluginManager:220 - loadIPPluginJar : add stm32_wpan
2024-10-07 18:42:17,296 [INFO] IPUIPlugin:80 - create IPUIPlugin
2024-10-07 18:42:17,296 [INFO] PluginManager:220 - loadIPPluginJar : add tracer_emb
2024-10-07 18:42:17,300 [INFO] IPUIPlugin:80 - create IPUIPlugin
2024-10-07 18:42:17,302 [INFO] PluginManager:220 - loadIPPluginJar : add plateformsettings
2024-10-07 18:42:17,304 [INFO] IPUIPlugin:80 - create IPUIPlugin
2024-10-07 18:42:17,304 [INFO] PluginManager:220 - loadIPPluginJar : add touchsensing
2024-10-07 18:42:17,306 [INFO] IPUIPlugin:80 - create IPUIPlugin
2024-10-07 18:42:17,306 [INFO] PluginManager:220 - loadIPPluginJar : add pdm2pcm
2024-10-07 18:42:17,308 [INFO] IPUIPlugin:80 - create IPUIPlugin
2024-10-07 18:42:17,308 [INFO] PluginManager:220 - loadIPPluginJar : add usbx
2024-10-07 18:42:17,309 [INFO] IPUIPlugin:80 - create IPUIPlugin
2024-10-07 18:42:17,309 [INFO] PluginManager:220 - loadIPPluginJar : add openamp
2024-10-07 18:42:17,312 [INFO] IPUIPlugin:80 - create IPUIPlugin
2024-10-07 18:42:17,312 [INFO] PluginManager:220 - loadIPPluginJar : add resmgrutility
2024-10-07 18:42:17,313 [INFO] IPUIPlugin:80 - create IPUIPlugin
2024-10-07 18:42:17,313 [INFO] PluginManager:220 - loadIPPluginJar : add opamp
2024-10-07 18:42:17,314 [INFO] IPUIPlugin:80 - create IPUIPlugin
2024-10-07 18:42:17,314 [INFO] PluginManager:220 - loadIPPluginJar : add genericplugin
2024-10-07 18:42:17,318 [INFO] IPUIPlugin:80 - create IPUIPlugin
2024-10-07 18:42:17,318 [INFO] PluginManager:220 - loadIPPluginJar : add mdma
2024-10-07 18:42:17,319 [INFO] IPUIPlugin:80 - create IPUIPlugin
2024-10-07 18:42:17,319 [INFO] PluginManager:220 - loadIPPluginJar : add aes
2024-10-07 18:42:17,320 [INFO] IPUIPlugin:80 - create IPUIPlugin
2024-10-07 18:42:17,320 [INFO] PluginManager:220 - loadIPPluginJar : add fatfs
2024-10-07 18:42:17,321 [INFO] IPUIPlugin:80 - create IPUIPlugin
2024-10-07 18:42:17,322 [INFO] PluginManager:220 - loadIPPluginJar : add radio
2024-10-07 18:42:17,324 [INFO] IPUIPlugin:80 - create IPUIPlugin
2024-10-07 18:42:17,324 [INFO] PluginManager:220 - loadIPPluginJar : add spi
2024-10-07 18:42:17,325 [INFO] IPUIPlugin:80 - create IPUIPlugin
2024-10-07 18:42:17,326 [INFO] PluginManager:220 - loadIPPluginJar : add sai
2024-10-07 18:42:17,326 [INFO] IPUIPlugin:80 - create IPUIPlugin
2024-10-07 18:42:17,326 [INFO] PluginManager:220 - loadIPPluginJar : add tsc
2024-10-07 18:42:17,327 [INFO] IPUIPlugin:80 - create IPUIPlugin
2024-10-07 18:42:17,327 [INFO] PluginManager:220 - loadIPPluginJar : add comp
2024-10-07 18:42:17,328 [INFO] IPUIPlugin:80 - create IPUIPlugin
2024-10-07 18:42:17,329 [INFO] PluginManager:220 - loadIPPluginJar : add lorawan
2024-10-07 18:42:17,331 [INFO] IPUIPlugin:80 - create IPUIPlugin
2024-10-07 18:42:17,331 [INFO] PluginManager:220 - loadIPPluginJar : add gpio
2024-10-07 18:42:17,333 [INFO] IPUIPlugin:80 - create IPUIPlugin
2024-10-07 18:42:17,333 [INFO] PluginManager:220 - loadIPPluginJar : add dfsdm
2024-10-07 18:42:17,337 [INFO] IPUIPlugin:80 - create IPUIPlugin
2024-10-07 18:42:17,338 [INFO] PluginManager:220 - loadIPPluginJar : add linkedlist
2024-10-07 18:42:17,339 [INFO] IPUIPlugin:80 - create IPUIPlugin
2024-10-07 18:42:17,339 [INFO] PluginManager:220 - loadIPPluginJar : add extmemmanager
2024-10-07 18:42:17,340 [INFO] IPUIPlugin:80 - create IPUIPlugin
2024-10-07 18:42:17,341 [INFO] PluginManager:220 - loadIPPluginJar : add gfxmmu
2024-10-07 18:42:17,343 [INFO] IPUIPlugin:80 - create IPUIPlugin
2024-10-07 18:42:17,343 [INFO] PluginManager:220 - loadIPPluginJar : add nvic
2024-10-07 18:42:17,345 [INFO] IPUIPlugin:80 - create IPUIPlugin
2024-10-07 18:42:17,345 [INFO] PluginManager:220 - loadIPPluginJar : add gtzc
2024-10-07 18:42:17,346 [INFO] IPUIPlugin:80 - create IPUIPlugin
2024-10-07 18:42:17,346 [INFO] PluginManager:220 - loadIPPluginJar : add i2s
2024-10-07 18:42:17,347 [INFO] IPUIPlugin:80 - create IPUIPlugin
2024-10-07 18:42:17,348 [INFO] PluginManager:220 - loadIPPluginJar : add dma3
2024-10-07 18:42:17,348 [INFO] IPUIPlugin:80 - create IPUIPlugin
2024-10-07 18:42:17,348 [INFO] PluginManager:220 - loadIPPluginJar : add quadspi
2024-10-07 18:42:17,351 [INFO] IPUIPlugin:80 - create IPUIPlugin
2024-10-07 18:42:17,351 [INFO] PluginManager:220 - loadIPPluginJar : add ipddr
2024-10-07 18:42:17,352 [INFO] IPUIPlugin:80 - create IPUIPlugin
2024-10-07 18:42:17,352 [INFO] PluginManager:220 - loadIPPluginJar : add tim
2024-10-07 18:42:17,355 [INFO] IPUIPlugin:80 - create IPUIPlugin
2024-10-07 18:42:17,355 [INFO] PluginManager:220 - loadIPPluginJar : add adc
2024-10-07 18:42:17,357 [INFO] IPUIPlugin:80 - create IPUIPlugin
2024-10-07 18:42:17,357 [INFO] PluginManager:220 - loadIPPluginJar : add i3c
2024-10-07 18:42:17,358 [INFO] IPUIPlugin:80 - create IPUIPlugin
2024-10-07 18:42:17,358 [INFO] PluginManager:220 - loadIPPluginJar : add usart
2024-10-07 18:42:17,359 [INFO] IPUIPlugin:80 - create IPUIPlugin
2024-10-07 18:42:17,360 [INFO] PluginManager:220 - loadIPPluginJar : add cryp
2024-10-07 18:42:17,363 [INFO] IPUIPlugin:80 - create IPUIPlugin
2024-10-07 18:42:17,363 [INFO] PluginManager:220 - loadIPPluginJar : add freertos
2024-10-07 18:42:17,365 [INFO] IPUIPlugin:80 - create IPUIPlugin
2024-10-07 18:42:17,365 [INFO] PluginManager:220 - loadIPPluginJar : add ddr_ctrl_phy
2024-10-07 18:42:17,366 [INFO] IPUIPlugin:80 - create IPUIPlugin
2024-10-07 18:42:17,366 [INFO] PluginManager:220 - loadIPPluginJar : add ucpd
2024-10-07 18:42:17,367 [INFO] IPUIPlugin:80 - create IPUIPlugin
2024-10-07 18:42:17,368 [INFO] PluginManager:220 - loadIPPluginJar : add can
2024-10-07 18:42:17,369 [INFO] IPUIPlugin:80 - create IPUIPlugin
2024-10-07 18:42:17,369 [INFO] PluginManager:220 - loadIPPluginJar : add i2c
2024-10-07 18:42:17,370 [INFO] IPUIPlugin:80 - create IPUIPlugin
2024-10-07 18:42:17,370 [INFO] PluginManager:220 - loadIPPluginJar : add hash
2024-10-07 18:42:17,371 [INFO] IPUIPlugin:80 - create IPUIPlugin
2024-10-07 18:42:17,371 [INFO] PluginManager:220 - loadIPPluginJar : add ltdc
2024-10-07 18:42:17,374 [INFO] IPUIPlugin:80 - create IPUIPlugin
2024-10-07 18:42:17,375 [INFO] PluginManager:220 - loadIPPluginJar : add dma
2024-10-07 18:42:17,376 [INFO] IPUIPlugin:80 - create IPUIPlugin
2024-10-07 18:42:17,376 [INFO] PluginManager:220 - loadIPPluginJar : add ts
2024-10-07 18:42:17,378 [INFO] IPUIPlugin:80 - create IPUIPlugin
2024-10-07 18:42:17,378 [INFO] PluginManager:220 - loadIPPluginJar : add fmc
2024-10-07 18:42:17,381 [INFO] IPUIPlugin:80 - create IPUIPlugin
2024-10-07 18:42:17,381 [INFO] PluginManager:220 - loadIPPluginJar : add gic
2024-10-07 18:42:17,473 [INFO] CADModel:165 - CPN selected for project level
2024-10-07 18:42:17,473 [INFO] CADModel:114 - Register for checkConnection events
2024-10-07 18:42:17,473 [FATAL] Updater:334 - Updater called before beeing initialized
2024-10-07 18:42:17,473 [ERROR] CADModel:125 - Updater not yet initialized, retry later 
2024-10-07 18:42:17,715 [INFO] CADModel:165 - CPN selected for project level
2024-10-07 18:42:17,715 [INFO] CADModel:114 - Register for checkConnection events
2024-10-07 18:42:17,715 [FATAL] Updater:334 - Updater called before beeing initialized
2024-10-07 18:42:17,716 [ERROR] CADModel:125 - Updater not yet initialized, retry later 
2024-10-07 18:42:17,725 [FATAL] Updater:334 - Updater called before beeing initialized
2024-10-07 18:42:17,844 [FATAL] Updater:334 - Updater called before beeing initialized
2024-10-07 18:42:17,847 [INFO] DbMcusAds:53 - JSON generation date=Fri Sep 20 08:04:23 CDT 2024 (1726837463113)
2024-10-07 18:42:17,847 [FATAL] Updater:334 - Updater called before beeing initialized
2024-10-07 18:42:17,879 [WARN] DetailPanel:346 - Failed to get advertising image, set to default
2024-10-07 18:42:17,958 [FATAL] Updater:334 - Updater called before beeing initialized
2024-10-07 18:42:17,959 [FATAL] Updater:334 - Updater called before beeing initialized
2024-10-07 18:42:17,959 [FATAL] Updater:334 - Updater called before beeing initialized
2024-10-07 18:42:17,959 [WARN] DetailPanel:346 - Failed to get advertising image, set to default
2024-10-07 18:42:17,960 [FATAL] Updater:334 - Updater called before beeing initialized
2024-10-07 18:42:17,983 [ERROR] Updater:1164 - MainUpdater not yet initialized. External WinMGr cannot be set.
2024-10-07 18:42:17,984 [INFO] Updater:1100 - Updater Version found : 6.12.1
2024-10-07 18:42:17,997 [INFO] ApplicationProperties:184 - Using Application install path: /home/cdelong/st/stm32cubeide_1.16.1/plugins/com.st.stm32cube.common.mx_6.12.1.202409122256
2024-10-07 18:42:18,656 [INFO] MainUpdater:2873 - connection check result : 10
2024-10-07 18:42:18,658 [INFO] MainUpdater:290 - Updater Check For Update Now.
2024-10-07 18:42:18,658 [INFO] MicroXplorer:498 - Change Database Version : DB.6.0.121
2024-10-07 18:42:19,035 [INFO] CheckServerUpdateThread:120 - End of CheckServer Thread
2024-10-07 18:42:19,095 [INFO] MainUpdater:2873 - connection check result : 10
2024-10-07 18:42:19,098 [INFO] MainUpdater:2873 - connection check result : 10
2024-10-07 18:42:20,304 [WARN] PackLoader:240 - Cannot read IP mode file for STMicroelectronics.FP-SNS-MOTENVWB1.1.4.0
2024-10-07 18:42:20,312 [WARN] PackLoader:240 - Cannot read IP mode file for STMicroelectronics.X-CUBE-SMBUS.2.1.0
2024-10-07 18:42:20,318 [WARN] PackLoader:240 - Cannot read IP mode file for STMicroelectronics.X-CUBE-WB05N.1.1.0
2024-10-07 18:42:20,340 [WARN] PackLoader:240 - Cannot read IP mode file for STMicroelectronics.X-CUBE-AZRTOS-F7.1.1.0
2024-10-07 18:42:20,387 [WARN] PackLoader:240 - Cannot read IP mode file for STMicroelectronics.X-CUBE-MEMS1.11.0.0
2024-10-07 18:42:20,507 [WARN] PackLoader:240 - Cannot read IP mode file for STMicroelectronics.FP-SNS-FLIGHT1.5.0.2
2024-10-07 18:42:20,511 [WARN] PackLoader:240 - Cannot read IP mode file for STMicroelectronics.X-CUBE-DISPLAY.3.0.0
2024-10-07 18:42:20,517 [WARN] PackLoader:240 - Cannot read IP mode file for STMicroelectronics.X-CUBE-BLE1.7.0.0
2024-10-07 18:42:20,521 [WARN] PackLoader:240 - Cannot read IP mode file for STMicroelectronics.X-CUBE-NFC10.1.0.0
2024-10-07 18:42:20,525 [WARN] PackLoader:240 - Cannot read IP mode file for emotas.I-CUBE-CANOPEN.1.3.0
2024-10-07 18:42:20,539 [WARN] PackLoader:240 - Cannot read IP mode file for STMicroelectronics.X-CUBE-BLEMGR.3.1.0
2024-10-07 18:42:20,544 [WARN] PackLoader:240 - Cannot read IP mode file for STMicroelectronics.FP-SNS-SMARTAG2.1.2.0
2024-10-07 18:42:20,550 [INFO] LogOutputStream:77 - [STDOUT_REDIRECT] 1 : Invalid condition id : UX_CORESTACK_Condition cause : null
2024-10-07 18:42:20,550 [INFO] LogOutputStream:77 - [STDOUT_REDIRECT] 1 : Invalid condition id : UX_CORESTACK_Condition cause : null
2024-10-07 18:42:20,550 [INFO] LogOutputStream:77 - [STDOUT_REDIRECT] 1 : Invalid condition id : UX_CORESTACK_Condition cause : null
2024-10-07 18:42:20,551 [INFO] LogOutputStream:77 - [STDOUT_REDIRECT] 1 : Invalid condition id : UX_CORESTACK_Condition cause : null
2024-10-07 18:42:20,551 [INFO] LogOutputStream:77 - [STDOUT_REDIRECT] 1 : Invalid condition id : UX_CORESTACK_Condition cause : null
2024-10-07 18:42:20,553 [WARN] PackLoader:240 - Cannot read IP mode file for STMicroelectronics.X-CUBE-AZRTOS-WL.2.0.0
2024-10-07 18:42:20,556 [WARN] PackLoader:240 - Cannot read IP mode file for STMicroelectronics.FP-SNS-MOTENV1.5.0.0
2024-10-07 18:42:20,560 [WARN] PackLoader:240 - Cannot read IP mode file for wolfSSL.I-CUBE-wolfMQTT.1.19.0
2024-10-07 18:42:20,564 [WARN] PackLoader:240 - Cannot read IP mode file for WES.I-CUBE-Cesium.1.3.0
2024-10-07 18:42:20,566 [WARN] PackLoader:240 - Cannot read IP mode file for STMicroelectronics.X-CUBE-BLE2.3.3.0
2024-10-07 18:42:20,570 [WARN] PackLoader:240 - Cannot read IP mode file for STMicroelectronics.X-CUBE-NFC9.1.0.0
2024-10-07 18:42:20,575 [WARN] PackLoader:240 - Cannot read IP mode file for STMicroelectronics.X-CUBE-TCPP.4.1.0
2024-10-07 18:42:20,587 [WARN] PackLoader:240 - Cannot read IP mode file for STMicroelectronics.X-CUBE-AZRTOS-G0.1.1.0
2024-10-07 18:42:20,592 [WARN] PackLoader:240 - Cannot read IP mode file for STMicroelectronics.X-CUBE-SAFEA1.1.2.2
2024-10-07 18:42:20,595 [WARN] PackLoader:240 - Cannot read IP mode file for STMicroelectronics.X-CUBE-NFC4.3.0.0
2024-10-07 18:42:20,601 [WARN] PackLoader:240 - Cannot read IP mode file for EmbeddedOffice.I-CUBE-FS-RTOS.1.0.1
2024-10-07 18:42:20,601 [ERROR] ConditionMgr:805 - Attr not supported : Dmpu
2024-10-07 18:42:20,601 [ERROR] ConditionMgr:805 - Attr not supported : Dmpu
2024-10-07 18:42:20,602 [ERROR] ConditionMgr:805 - Attr not supported : Dmpu
2024-10-07 18:42:20,602 [ERROR] ConditionMgr:805 - Attr not supported : Dmpu
2024-10-07 18:42:20,602 [ERROR] ConditionMgr:805 - Attr not supported : Dmpu
2024-10-07 18:42:20,602 [ERROR] ConditionMgr:805 - Attr not supported : Dmpu
2024-10-07 18:42:20,602 [ERROR] ConditionMgr:805 - Attr not supported : Dmpu
2024-10-07 18:42:20,602 [ERROR] ConditionMgr:805 - Attr not supported : Dmpu
2024-10-07 18:42:20,602 [ERROR] ConditionMgr:805 - Attr not supported : Dmpu
2024-10-07 18:42:20,602 [ERROR] ConditionMgr:805 - Attr not supported : Dmpu
2024-10-07 18:42:20,602 [ERROR] ConditionMgr:805 - Attr not supported : Dmpu
2024-10-07 18:42:20,602 [ERROR] ConditionMgr:805 - Attr not supported : Dmpu
2024-10-07 18:42:20,602 [ERROR] ConditionMgr:805 - Attr not supported : Dmpu
2024-10-07 18:42:20,602 [ERROR] ConditionMgr:805 - Attr not supported : Dmpu
2024-10-07 18:42:20,602 [ERROR] ConditionMgr:805 - Attr not supported : Dmpu
2024-10-07 18:42:20,602 [ERROR] ConditionMgr:805 - Attr not supported : Dmpu
2024-10-07 18:42:20,602 [ERROR] ConditionMgr:805 - Attr not supported : Dmpu
2024-10-07 18:42:20,602 [ERROR] ConditionMgr:805 - Attr not supported : Dmpu
2024-10-07 18:42:20,602 [ERROR] ConditionMgr:805 - Attr not supported : Dmpu
2024-10-07 18:42:20,602 [ERROR] ConditionMgr:805 - Attr not supported : Dmpu
2024-10-07 18:42:20,602 [ERROR] ConditionMgr:805 - Attr not supported : Dmpu
2024-10-07 18:42:20,602 [ERROR] ConditionMgr:805 - Attr not supported : Dmpu
2024-10-07 18:42:20,602 [ERROR] ConditionMgr:805 - Attr not supported : Dmpu
2024-10-07 18:42:20,602 [ERROR] ConditionMgr:805 - Attr not supported : Dmpu
2024-10-07 18:42:20,603 [ERROR] ConditionMgr:805 - Attr not supported : Dmpu
2024-10-07 18:42:20,603 [ERROR] ConditionMgr:805 - Attr not supported : Dmpu
2024-10-07 18:42:20,603 [ERROR] ConditionMgr:805 - Attr not supported : Dmpu
2024-10-07 18:42:20,603 [ERROR] ConditionMgr:805 - Attr not supported : Dmpu
2024-10-07 18:42:20,603 [ERROR] ConditionMgr:805 - Attr not supported : Dmpu
2024-10-07 18:42:20,603 [ERROR] ConditionMgr:805 - Attr not supported : Dmpu
2024-10-07 18:42:20,603 [ERROR] ConditionMgr:805 - Attr not supported : Dmpu
2024-10-07 18:42:20,603 [ERROR] ConditionMgr:805 - Attr not supported : Dmpu
2024-10-07 18:42:20,603 [ERROR] ConditionMgr:805 - Attr not supported : Dmpu
2024-10-07 18:42:20,603 [ERROR] ConditionMgr:805 - Attr not supported : Dmpu
2024-10-07 18:42:20,603 [ERROR] ConditionMgr:805 - Attr not supported : Dmpu
2024-10-07 18:42:20,603 [ERROR] ConditionMgr:805 - Attr not supported : Dmpu
2024-10-07 18:42:20,603 [ERROR] ConditionMgr:805 - Attr not supported : Dmpu
2024-10-07 18:42:20,603 [ERROR] ConditionMgr:805 - Attr not supported : Dmpu
2024-10-07 18:42:20,603 [ERROR] ConditionMgr:805 - Attr not supported : Dmpu
2024-10-07 18:42:20,603 [ERROR] ConditionMgr:805 - Attr not supported : Dmpu
2024-10-07 18:42:20,603 [ERROR] ConditionMgr:805 - Attr not supported : Dmpu
2024-10-07 18:42:20,603 [ERROR] ConditionMgr:805 - Attr not supported : Dmpu
2024-10-07 18:42:20,603 [ERROR] ConditionMgr:805 - Attr not supported : Dmpu
2024-10-07 18:42:20,603 [ERROR] ConditionMgr:805 - Attr not supported : Dmpu
2024-10-07 18:42:20,604 [ERROR] ConditionMgr:805 - Attr not supported : Dmpu
2024-10-07 18:42:20,604 [ERROR] ConditionMgr:805 - Attr not supported : Dmpu
2024-10-07 18:42:20,604 [ERROR] ConditionMgr:805 - Attr not supported : Dmpu
2024-10-07 18:42:20,604 [ERROR] ConditionMgr:805 - Attr not supported : Dmpu
2024-10-07 18:42:20,604 [ERROR] ConditionMgr:805 - Attr not supported : Dmpu
2024-10-07 18:42:20,604 [ERROR] ConditionMgr:805 - Attr not supported : Dmpu
2024-10-07 18:42:20,604 [ERROR] ConditionMgr:805 - Attr not supported : Dmpu
2024-10-07 18:42:20,604 [ERROR] ConditionMgr:805 - Attr not supported : Dmpu
2024-10-07 18:42:20,604 [ERROR] ConditionMgr:805 - Attr not supported : Dmpu
2024-10-07 18:42:20,604 [ERROR] ConditionMgr:805 - Attr not supported : Dmpu
2024-10-07 18:42:20,604 [ERROR] ConditionMgr:805 - Attr not supported : Dmpu
2024-10-07 18:42:20,604 [ERROR] ConditionMgr:805 - Attr not supported : Dmpu
2024-10-07 18:42:20,604 [ERROR] ConditionMgr:805 - Attr not supported : Dmpu
2024-10-07 18:42:20,604 [ERROR] ConditionMgr:805 - Attr not supported : Dmpu
2024-10-07 18:42:20,604 [ERROR] ConditionMgr:805 - Attr not supported : Dmpu
2024-10-07 18:42:20,604 [ERROR] ConditionMgr:805 - Attr not supported : Dmpu
2024-10-07 18:42:20,604 [ERROR] ConditionMgr:805 - Attr not supported : Dmpu
2024-10-07 18:42:20,604 [ERROR] ConditionMgr:805 - Attr not supported : Dmpu
2024-10-07 18:42:20,604 [ERROR] ConditionMgr:805 - Attr not supported : Dmpu
2024-10-07 18:42:20,604 [ERROR] ConditionMgr:805 - Attr not supported : Dmpu
2024-10-07 18:42:20,607 [WARN] PackLoader:240 - Cannot read IP mode file for RealThread.X-CUBE-RT-Thread_Nano.4.1.1
2024-10-07 18:42:20,608 [WARN] PackLoader:240 - Cannot read IP mode file for STMicroelectronics.FP-ATR-SIGFOX1.3.2.0
2024-10-07 18:42:20,610 [WARN] PackLoader:240 - Cannot read IP mode file for wolfSSL.I-CUBE-wolfSSL.5.7.2
2024-10-07 18:42:20,613 [WARN] PackLoader:240 - Cannot read IP mode file for STMicroelectronics.X-CUBE-EEPRMA1.5.1.0
2024-10-07 18:42:20,617 [WARN] PackLoader:240 - Cannot read IP mode file for ITTIA_DB.I-CUBE-ITTIADB.8.9.0
2024-10-07 18:42:20,640 [WARN] PackLoader:240 - Cannot read IP mode file for SEGGER.I-CUBE-embOS.1.3.1
2024-10-07 18:42:20,670 [WARN] PackLoader:240 - Cannot read IP mode file for STMicroelectronics.X-CUBE-ALGOBUILD.1.4.0
2024-10-07 18:42:20,672 [WARN] PackLoader:240 - Cannot read IP mode file for STMicroelectronics.X-CUBE-AI.9.1.0
2024-10-07 18:42:20,683 [WARN] PackLoader:240 - Cannot read IP mode file for STMicroelectronics.X-CUBE-AZRTOS-F4.1.1.0
2024-10-07 18:42:20,687 [WARN] PackLoader:240 - Cannot read IP mode file for STMicroelectronics.X-CUBE-ISPU.2.1.0
2024-10-07 18:42:20,690 [WARN] PackLoader:240 - Cannot read IP mode file for STMicroelectronics.X-CUBE-FREERTOS.1.2.0
2024-10-07 18:42:20,701 [WARN] PackLoader:240 - Cannot read IP mode file for STMicroelectronics.X-CUBE-AZRTOS-L5.2.0.0
2024-10-07 18:42:20,707 [WARN] PackLoader:240 - Cannot read IP mode file for STMicroelectronics.X-CUBE-NFC6.3.1.0
2024-10-07 18:42:20,711 [WARN] PackLoader:240 - Cannot read IP mode file for STMicroelectronics.X-CUBE-DPower.1.2.0
2024-10-07 18:42:20,713 [WARN] PackLoader:240 - Cannot read IP mode file for STMicroelectronics.X-CUBE-AI.9.0.0
2024-10-07 18:42:20,716 [WARN] PackLoader:240 - Cannot read IP mode file for STMicroelectronics.X-CUBE-NFC7.1.0.1
2024-10-07 18:42:20,728 [WARN] ConditionMgr:438 - getConditionDescription Invalid condition id : LAN8742 Phy interface Condition cause : null
2024-10-07 18:42:20,728 [WARN] PackLoader:240 - Cannot read IP mode file for STMicroelectronics.X-CUBE-AZRTOS-L4.2.0.0
2024-10-07 18:42:20,734 [WARN] ConditionMgr:1039 - genDependencies : Invalid condition id : LAN8742 Phy interface Condition cause : null
2024-10-07 18:42:20,735 [WARN] ConditionMgr:1039 - genDependencies : Invalid condition id : LAN8742 Phy interface Condition cause : null
2024-10-07 18:42:20,735 [WARN] ConditionMgr:1039 - genDependencies : Invalid condition id : LAN8742 Phy interface Condition cause : null
2024-10-07 18:42:20,739 [WARN] PackLoader:240 - Cannot read IP mode file for STMicroelectronics.X-CUBE-SFXS2LP1.4.0.0
2024-10-07 18:42:20,753 [WARN] PackLoader:240 - Cannot read IP mode file for STMicroelectronics.X-CUBE-AZRTOS-H7.3.3.0
2024-10-07 18:42:20,761 [WARN] PackLoader:240 - Cannot read IP mode file for STMicroelectronics.X-CUBE-IPS.3.0.0
2024-10-07 18:42:20,771 [WARN] ConditionMgr:438 - getConditionDescription Invalid condition id : UX DEVICE CLASS RTOS Condition cause : null
2024-10-07 18:42:20,771 [WARN] ConditionMgr:438 - getConditionDescription Invalid condition id : UX DEVICE CLASS RTOS Condition cause : null
2024-10-07 18:42:20,773 [WARN] PackLoader:240 - Cannot read IP mode file for STMicroelectronics.X-CUBE-AZRTOS-WB.2.0.0
2024-10-07 18:42:20,773 [WARN] ConditionMgr:1039 - genDependencies : Invalid condition id : UX DEVICE CLASS RTOS Condition cause : null
2024-10-07 18:42:20,773 [WARN] ConditionMgr:1039 - genDependencies : Invalid condition id : UX DEVICE CLASS RTOS Condition cause : null
2024-10-07 18:42:20,774 [WARN] ConditionMgr:1039 - genDependencies : Invalid condition id : UX DEVICE CLASS RTOS Condition cause : null
2024-10-07 18:42:20,774 [WARN] ConditionMgr:1039 - genDependencies : Invalid condition id : UX DEVICE CLASS RTOS Condition cause : null
2024-10-07 18:42:20,774 [WARN] ConditionMgr:1039 - genDependencies : Invalid condition id : UX DEVICE CLASS RTOS Condition cause : null
2024-10-07 18:42:20,777 [WARN] PackLoader:240 - Cannot read IP mode file for STMicroelectronics.X-CUBE-GNSS1.7.0.0
2024-10-07 18:42:20,781 [WARN] PackLoader:240 - Cannot read IP mode file for STMicroelectronics.FP-SNS-STBOX1.2.0.0
2024-10-07 18:42:20,787 [WARN] PackLoader:240 - Cannot read IP mode file for STMicroelectronics.X-CUBE-SUBG2.5.0.0
2024-10-07 18:42:20,792 [WARN] PackLoader:240 - Cannot read IP mode file for Cesanta.I-CUBE-Mongoose.7.13.0
2024-10-07 18:42:20,800 [WARN] PackLoader:240 - Cannot read IP mode file for STMicroelectronics.X-CUBE-AZRTOS-G4.2.0.0
2024-10-07 18:42:20,803 [WARN] PackLoader:240 - Cannot read IP mode file for STMicroelectronics.X-CUBE-ALS.1.0.2
2024-10-07 18:42:20,805 [WARN] PackLoader:240 - Cannot read IP mode file for STMicroelectronics.X-CUBE-TOUCHGFX.4.24.1
2024-10-07 18:42:20,807 [WARN] PackLoader:240 - Cannot read IP mode file for wolfSSL.I-CUBE-wolfTPM.3.4.0
2024-10-07 18:42:20,809 [WARN] PackLoader:240 - Cannot read IP mode file for portGmbH.I-Cube-SoM-uGOAL.1.1.0
2024-10-07 18:42:20,820 [WARN] PackLoader:240 - Cannot read IP mode file for STMicroelectronics.X-CUBE-AZRTOS-H7RS.1.0.0
2024-10-07 18:42:20,823 [WARN] PackLoader:240 - Cannot read IP mode file for STMicroelectronics.FP-ATR-ASTRA1.2.0.0
2024-10-07 18:42:20,829 [WARN] PackLoader:240 - Cannot read IP mode file for STMicroelectronics.X-CUBE-TOF1.3.4.2
2024-10-07 18:42:20,847 [WARN] PackLoader:240 - Cannot read IP mode file for Infineon.AIROC-Wi-Fi-Bluetooth-STM32.1.6.1
2024-10-07 18:42:20,851 [WARN] PackLoader:240 - Cannot read IP mode file for wolfSSL.I-CUBE-wolfSSH.1.4.17
2024-10-07 18:42:20,851 [INFO] ThirdParty:978 - Integrity check success = true
2024-10-07 18:42:20,851 [INFO] IntegrityCheckThread:100 - exiting critical section [integrity check]
2024-10-07 18:42:20,851 [INFO] IntegrityCheckThread:103 - End integrity checks thread
2024-10-07 18:45:04,257 [INFO] Activator:176 - 


2024-10-07 18:45:04,258 [INFO] Activator:177 - !SESSION log4j initialized
2024-10-07 18:45:05,598 [INFO] ApplicationProperties:184 - Using Application install path: /home/cdelong/st/stm32cubeide_1.16.1/plugins/com.st.stm32cube.common.mx_6.12.1.202409122256
2024-10-07 18:45:05,607 [INFO] DbMcusXml:78 - Set database path to: /home/cdelong/st/stm32cubeide_1.16.1/plugins/com.st.stm32cube.common.mx_6.12.1.202409122256//db//mcu/
2024-10-07 18:45:05,607 [INFO] ApiDb:274 - Set plugin database path to: /home/cdelong/st/stm32cubeide_1.16.1/plugins/com.st.stm32cube.common.mx_6.12.1.202409122256//db//plugins/boardmanager/
2024-10-07 18:45:05,607 [WARN] ApiDb:259 - Overriding images path with different value:  => /home/cdelong/st/stm32cubeide_1.16.1/plugins/com.st.stm32cube.common.mx_6.12.1.202409122256//db//plugins/mcufinder/images/
2024-10-07 18:45:05,609 [INFO] ApiDb:250 - Set database path to: /home/cdelong/.stmcufinder/plugins/mcufinder//mcu/
2024-10-07 18:45:05,610 [INFO] DbMcusAds:125 - Set database path to: /home/cdelong/.stmcufinder/plugins/mcufinder//mcu/
2024-10-07 18:45:05,926 [INFO] CrossReferenceDbSqlite:203 - Set database path to: /home/cdelong/.stmcufinder/plugins/mcufinder//mcu/cs/
2024-10-07 18:45:06,220 [INFO] RulesReader:64 - Compatibility file has been processed (297 Rules)
2024-10-07 18:45:06,267 [INFO] DbMcusXml:78 - Set database path to: /home/cdelong/st/stm32cubeide_1.16.1/plugins/com.st.stm32cube.common.mx_6.12.1.202409122256//db//mcu/
2024-10-07 18:45:06,268 [INFO] ApiDb:274 - Set plugin database path to: /home/cdelong/st/stm32cubeide_1.16.1/plugins/com.st.stm32cube.common.mx_6.12.1.202409122256//db//plugins/boardmanager/
2024-10-07 18:45:06,268 [INFO] ApiDb:261 - Set plugin images path to: /home/cdelong/st/stm32cubeide_1.16.1/plugins/com.st.stm32cube.common.mx_6.12.1.202409122256//db//plugins/mcufinder/images/
2024-10-07 18:45:06,268 [WARN] DbFile:41 - Overriding database path with different value: /home/cdelong/.stmcufinder/plugins/mcufinder/ => /home/cdelong/.stmcufinder/plugins/mcufinder
2024-10-07 18:45:06,268 [INFO] ApiDb:250 - Set database path to: /home/cdelong/.stmcufinder/plugins/mcufinder//mcu/
2024-10-07 18:45:06,268 [WARN] DbFile:41 - Overriding database path with different value: /home/cdelong/.stmcufinder/plugins/mcufinder/ => /home/cdelong/.stmcufinder/plugins/mcufinder
2024-10-07 18:45:06,268 [INFO] DbMcusAds:125 - Set database path to: /home/cdelong/.stmcufinder/plugins/mcufinder//mcu/
2024-10-07 18:45:06,268 [WARN] DbFile:41 - Overriding database path with different value: /home/cdelong/.stmcufinder/plugins/mcufinder/ => /home/cdelong/.stmcufinder/plugins/mcufinder
2024-10-07 18:45:06,268 [WARN] DbFile:41 - Overriding database path with different value: /home/cdelong/.stmcufinder/plugins/mcufinder/ => /home/cdelong/.stmcufinder/plugins/mcufinder
2024-10-07 18:45:06,268 [INFO] CrossReferenceDbSqlite:203 - Set database path to: /home/cdelong/.stmcufinder/plugins/mcufinder//mcu/cs/
2024-10-07 18:45:06,307 [INFO] MainPanel:268 - HeapMemory: 268435456
2024-10-07 18:45:06,385 [INFO] DbMcusXml:78 - Set database path to: /home/cdelong/st/stm32cubeide_1.16.1/plugins/com.st.stm32cube.common.mx_6.12.1.202409122256//db//mcu/
2024-10-07 18:45:06,385 [INFO] ApiDb:274 - Set plugin database path to: /home/cdelong/st/stm32cubeide_1.16.1/plugins/com.st.stm32cube.common.mx_6.12.1.202409122256//db//plugins/boardmanager/
2024-10-07 18:45:06,386 [INFO] ApiDb:261 - Set plugin images path to: /home/cdelong/st/stm32cubeide_1.16.1/plugins/com.st.stm32cube.common.mx_6.12.1.202409122256//db//plugins/mcufinder/images/
2024-10-07 18:45:06,386 [WARN] DbFile:41 - Overriding database path with different value: /home/cdelong/.stmcufinder/plugins/mcufinder/ => /home/cdelong/.stmcufinder/plugins/mcufinder
2024-10-07 18:45:06,386 [INFO] ApiDb:250 - Set database path to: /home/cdelong/.stmcufinder/plugins/mcufinder//mcu/
2024-10-07 18:45:06,386 [WARN] DbFile:41 - Overriding database path with different value: /home/cdelong/.stmcufinder/plugins/mcufinder/ => /home/cdelong/.stmcufinder/plugins/mcufinder
2024-10-07 18:45:06,386 [INFO] DbMcusAds:125 - Set database path to: /home/cdelong/.stmcufinder/plugins/mcufinder//mcu/
2024-10-07 18:45:06,386 [WARN] DbFile:41 - Overriding database path with different value: /home/cdelong/.stmcufinder/plugins/mcufinder/ => /home/cdelong/.stmcufinder/plugins/mcufinder
2024-10-07 18:45:06,386 [WARN] DbFile:41 - Overriding database path with different value: /home/cdelong/.stmcufinder/plugins/mcufinder/ => /home/cdelong/.stmcufinder/plugins/mcufinder
2024-10-07 18:45:06,386 [INFO] CrossReferenceDbSqlite:203 - Set database path to: /home/cdelong/.stmcufinder/plugins/mcufinder//mcu/cs/
2024-10-07 18:45:06,394 [INFO] ApplicationProperties:184 - Using Application install path: /home/cdelong/st/stm32cubeide_1.16.1/plugins/com.st.stm32cube.common.mx_6.12.1.202409122256
2024-10-07 18:45:06,395 [INFO] PluginManage:196 - Search for loadable plugins [exclusion list=, ]
2024-10-07 18:45:06,395 [INFO] PluginManage:310 - Check plugin analytics
2024-10-07 18:45:06,548 [INFO] AnalyticsPlugin:253 - Accepted Software Licenses: 
2024-10-07 18:45:06,548 [INFO] AnalyticsPlugin:255 - Accepted CMSIS Pack Licenses: 
2024-10-07 18:45:06,548 [INFO] AnalyticsPlugin:257 - Accepted Firmware Licenses: FW.F4.1.28.0
2024-10-07 18:45:06,550 [INFO] PluginManage:359 - Loaded plugin analytics (category:tool,tabindex:-1)
2024-10-07 18:45:06,550 [INFO] PluginManage:310 - Check plugin cadmodel
2024-10-07 18:45:06,552 [INFO] CADModel:105 - Init CAD model plugin
2024-10-07 18:45:06,552 [INFO] PluginManage:359 - Loaded plugin cadmodel (category:power,tabindex:5)
2024-10-07 18:45:06,552 [INFO] PluginManage:310 - Check plugin clock
2024-10-07 18:45:06,558 [INFO] PluginManage:359 - Loaded plugin clock (category:base,tabindex:2)
2024-10-07 18:45:06,558 [INFO] PluginManage:310 - Check plugin ddr
2024-10-07 18:45:06,559 [INFO] PluginManage:359 - Loaded plugin ddr (category:tool,tabindex:6)
2024-10-07 18:45:06,559 [INFO] PluginManage:310 - Check plugin filemanager
2024-10-07 18:45:06,651 [INFO] PluginManage:359 - Loaded plugin filemanager (category:base,tabindex:10)
2024-10-07 18:45:06,651 [INFO] PluginManage:310 - Check plugin ipmanager
2024-10-07 18:45:06,654 [INFO] PluginManage:359 - Loaded plugin ipmanager (category:base,tabindex:5)
2024-10-07 18:45:06,655 [INFO] PluginManage:310 - Check plugin lpbam
2024-10-07 18:45:06,660 [INFO] PluginManage:359 - Loaded plugin lpbam (category:base,tabindex:0)
2024-10-07 18:45:06,660 [INFO] PluginManage:310 - Check plugin memorymap
2024-10-07 18:45:06,667 [INFO] PluginManage:359 - Loaded plugin memorymap (category:base,tabindex:4)
2024-10-07 18:45:06,667 [INFO] PluginManage:310 - Check plugin pinoutandconfiguration
2024-10-07 18:45:06,672 [INFO] PluginManage:359 - Loaded plugin pinoutandconfiguration (category:base,tabindex:1)
2024-10-07 18:45:06,672 [INFO] PluginManage:310 - Check plugin pinoutconfig
2024-10-07 18:45:06,724 [WARN] SupportedApi:132 - Cannot load RTOS API schema: s4s-elt-must-match.1: The content of 'definitions' must match (annotation?, (simpleType | complexType)?, (unique | key | keyref)*)). A problem was found starting at: attribute.
2024-10-07 18:45:06,801 [INFO] PluginManage:359 - Loaded plugin pinoutconfig (category:base,tabindex:0)
2024-10-07 18:45:06,801 [INFO] PluginManage:310 - Check plugin power
2024-10-07 18:45:06,806 [INFO] PluginManage:359 - Loaded plugin power (category:power,tabindex:4)
2024-10-07 18:45:06,806 [INFO] PluginManage:310 - Check plugin projectmanager
2024-10-07 18:45:06,815 [INFO] PluginManage:359 - Loaded plugin projectmanager (category:projectmanager,tabindex:4)
2024-10-07 18:45:06,816 [INFO] PluginManage:310 - Check plugin rif
2024-10-07 18:45:06,818 [INFO] PluginManage:359 - Loaded plugin rif (category:base,tabindex:3)
2024-10-07 18:45:06,818 [INFO] PluginManage:310 - Check plugin thirdparty
2024-10-07 18:45:06,887 [INFO] PluginManage:359 - Loaded plugin thirdparty (category:base,tabindex:-1)
2024-10-07 18:45:06,887 [INFO] PluginManage:310 - Check plugin tools
2024-10-07 18:45:06,886 [WARN] IntegrityCheckThread:84 - waiting for thirdparty lock release [integrity check]
2024-10-07 18:45:06,887 [INFO] IntegrityCheckThread:86 - entering critical section [integrity check]
2024-10-07 18:45:06,887 [INFO] ThirdPartyUpdaterWithRetryManager:70 - Updater plugin not ready yet. [1/15]
2024-10-07 18:45:06,888 [INFO] PluginManage:359 - Loaded plugin tools (category:base,tabindex:7)
2024-10-07 18:45:06,888 [INFO] PluginManage:310 - Check plugin tutovideos
2024-10-07 18:45:06,990 [INFO] PluginManage:359 - Loaded plugin tutovideos (category:base,tabindex:-1)
2024-10-07 18:45:06,990 [INFO] PluginManage:310 - Check plugin updater
2024-10-07 18:45:07,000 [INFO] PluginManage:359 - Loaded plugin updater (category:base,tabindex:12)
2024-10-07 18:45:07,000 [INFO] PluginManage:310 - Check plugin userauth
2024-10-07 18:45:07,004 [INFO] UserAuth:113 - Init User Auth plugin
2024-10-07 18:45:07,004 [INFO] PluginManage:359 - Loaded plugin userauth (category:base,tabindex:14)
2024-10-07 18:45:07,004 [INFO] PluginManage:283 - PluginManage : Loaded plugins [18]
2024-10-07 18:45:07,130 [INFO] PinOutPanel:1561 - setPackage(No Configuration,No Configuration)
2024-10-07 18:45:07,185 [INFO] CADModel:165 - CPN selected for project level
2024-10-07 18:45:07,185 [INFO] CADModel:114 - Register for checkConnection events
2024-10-07 18:45:07,194 [INFO] IPUIPlugin:80 - create IPUIPlugin
2024-10-07 18:45:07,195 [INFO] PluginManager:220 - loadIPPluginJar : add stm32_wpan
2024-10-07 18:45:07,196 [INFO] IPUIPlugin:80 - create IPUIPlugin
2024-10-07 18:45:07,196 [INFO] PluginManager:220 - loadIPPluginJar : add tracer_emb
2024-10-07 18:45:07,199 [INFO] IPUIPlugin:80 - create IPUIPlugin
2024-10-07 18:45:07,201 [INFO] PluginManager:220 - loadIPPluginJar : add plateformsettings
2024-10-07 18:45:07,203 [INFO] IPUIPlugin:80 - create IPUIPlugin
2024-10-07 18:45:07,203 [INFO] PluginManager:220 - loadIPPluginJar : add touchsensing
2024-10-07 18:45:07,204 [INFO] IPUIPlugin:80 - create IPUIPlugin
2024-10-07 18:45:07,204 [INFO] PluginManager:220 - loadIPPluginJar : add pdm2pcm
2024-10-07 18:45:07,206 [INFO] IPUIPlugin:80 - create IPUIPlugin
2024-10-07 18:45:07,206 [INFO] PluginManager:220 - loadIPPluginJar : add usbx
2024-10-07 18:45:07,208 [INFO] IPUIPlugin:80 - create IPUIPlugin
2024-10-07 18:45:07,208 [INFO] PluginManager:220 - loadIPPluginJar : add openamp
2024-10-07 18:45:07,209 [INFO] IPUIPlugin:80 - create IPUIPlugin
2024-10-07 18:45:07,209 [INFO] PluginManager:220 - loadIPPluginJar : add resmgrutility
2024-10-07 18:45:07,211 [INFO] IPUIPlugin:80 - create IPUIPlugin
2024-10-07 18:45:07,211 [INFO] PluginManager:220 - loadIPPluginJar : add opamp
2024-10-07 18:45:07,212 [INFO] IPUIPlugin:80 - create IPUIPlugin
2024-10-07 18:45:07,212 [INFO] PluginManager:220 - loadIPPluginJar : add genericplugin
2024-10-07 18:45:07,216 [INFO] IPUIPlugin:80 - create IPUIPlugin
2024-10-07 18:45:07,216 [INFO] PluginManager:220 - loadIPPluginJar : add mdma
2024-10-07 18:45:07,217 [INFO] IPUIPlugin:80 - create IPUIPlugin
2024-10-07 18:45:07,217 [INFO] PluginManager:220 - loadIPPluginJar : add aes
2024-10-07 18:45:07,218 [INFO] IPUIPlugin:80 - create IPUIPlugin
2024-10-07 18:45:07,218 [INFO] PluginManager:220 - loadIPPluginJar : add fatfs
2024-10-07 18:45:07,219 [INFO] IPUIPlugin:80 - create IPUIPlugin
2024-10-07 18:45:07,220 [INFO] PluginManager:220 - loadIPPluginJar : add radio
2024-10-07 18:45:07,221 [INFO] IPUIPlugin:80 - create IPUIPlugin
2024-10-07 18:45:07,221 [INFO] PluginManager:220 - loadIPPluginJar : add spi
2024-10-07 18:45:07,223 [INFO] IPUIPlugin:80 - create IPUIPlugin
2024-10-07 18:45:07,223 [INFO] PluginManager:220 - loadIPPluginJar : add sai
2024-10-07 18:45:07,223 [INFO] IPUIPlugin:80 - create IPUIPlugin
2024-10-07 18:45:07,223 [INFO] PluginManager:220 - loadIPPluginJar : add tsc
2024-10-07 18:45:07,224 [INFO] IPUIPlugin:80 - create IPUIPlugin
2024-10-07 18:45:07,224 [INFO] PluginManager:220 - loadIPPluginJar : add comp
2024-10-07 18:45:07,225 [INFO] IPUIPlugin:80 - create IPUIPlugin
2024-10-07 18:45:07,225 [INFO] PluginManager:220 - loadIPPluginJar : add lorawan
2024-10-07 18:45:07,227 [INFO] IPUIPlugin:80 - create IPUIPlugin
2024-10-07 18:45:07,228 [INFO] PluginManager:220 - loadIPPluginJar : add gpio
2024-10-07 18:45:07,229 [INFO] IPUIPlugin:80 - create IPUIPlugin
2024-10-07 18:45:07,229 [INFO] PluginManager:220 - loadIPPluginJar : add dfsdm
2024-10-07 18:45:07,233 [INFO] IPUIPlugin:80 - create IPUIPlugin
2024-10-07 18:45:07,234 [INFO] PluginManager:220 - loadIPPluginJar : add linkedlist
2024-10-07 18:45:07,235 [INFO] IPUIPlugin:80 - create IPUIPlugin
2024-10-07 18:45:07,235 [INFO] PluginManager:220 - loadIPPluginJar : add extmemmanager
2024-10-07 18:45:07,236 [INFO] IPUIPlugin:80 - create IPUIPlugin
2024-10-07 18:45:07,236 [INFO] PluginManager:220 - loadIPPluginJar : add gfxmmu
2024-10-07 18:45:07,239 [INFO] IPUIPlugin:80 - create IPUIPlugin
2024-10-07 18:45:07,239 [INFO] PluginManager:220 - loadIPPluginJar : add nvic
2024-10-07 18:45:07,240 [INFO] IPUIPlugin:80 - create IPUIPlugin
2024-10-07 18:45:07,240 [INFO] PluginManager:220 - loadIPPluginJar : add gtzc
2024-10-07 18:45:07,241 [INFO] IPUIPlugin:80 - create IPUIPlugin
2024-10-07 18:45:07,242 [INFO] PluginManager:220 - loadIPPluginJar : add i2s
2024-10-07 18:45:07,243 [INFO] IPUIPlugin:80 - create IPUIPlugin
2024-10-07 18:45:07,243 [INFO] PluginManager:220 - loadIPPluginJar : add dma3
2024-10-07 18:45:07,243 [INFO] IPUIPlugin:80 - create IPUIPlugin
2024-10-07 18:45:07,243 [INFO] PluginManager:220 - loadIPPluginJar : add quadspi
2024-10-07 18:45:07,245 [INFO] IPUIPlugin:80 - create IPUIPlugin
2024-10-07 18:45:07,245 [INFO] PluginManager:220 - loadIPPluginJar : add ipddr
2024-10-07 18:45:07,246 [INFO] IPUIPlugin:80 - create IPUIPlugin
2024-10-07 18:45:07,246 [INFO] PluginManager:220 - loadIPPluginJar : add tim
2024-10-07 18:45:07,249 [INFO] IPUIPlugin:80 - create IPUIPlugin
2024-10-07 18:45:07,249 [INFO] PluginManager:220 - loadIPPluginJar : add adc
2024-10-07 18:45:07,251 [INFO] IPUIPlugin:80 - create IPUIPlugin
2024-10-07 18:45:07,251 [INFO] PluginManager:220 - loadIPPluginJar : add i3c
2024-10-07 18:45:07,252 [INFO] IPUIPlugin:80 - create IPUIPlugin
2024-10-07 18:45:07,252 [INFO] PluginManager:220 - loadIPPluginJar : add usart
2024-10-07 18:45:07,253 [INFO] IPUIPlugin:80 - create IPUIPlugin
2024-10-07 18:45:07,253 [INFO] PluginManager:220 - loadIPPluginJar : add cryp
2024-10-07 18:45:07,256 [INFO] IPUIPlugin:80 - create IPUIPlugin
2024-10-07 18:45:07,256 [INFO] PluginManager:220 - loadIPPluginJar : add freertos
2024-10-07 18:45:07,257 [INFO] IPUIPlugin:80 - create IPUIPlugin
2024-10-07 18:45:07,257 [INFO] PluginManager:220 - loadIPPluginJar : add ddr_ctrl_phy
2024-10-07 18:45:07,258 [INFO] IPUIPlugin:80 - create IPUIPlugin
2024-10-07 18:45:07,258 [INFO] PluginManager:220 - loadIPPluginJar : add ucpd
2024-10-07 18:45:07,260 [INFO] IPUIPlugin:80 - create IPUIPlugin
2024-10-07 18:45:07,260 [INFO] PluginManager:220 - loadIPPluginJar : add can
2024-10-07 18:45:07,261 [INFO] IPUIPlugin:80 - create IPUIPlugin
2024-10-07 18:45:07,262 [INFO] PluginManager:220 - loadIPPluginJar : add i2c
2024-10-07 18:45:07,263 [INFO] IPUIPlugin:80 - create IPUIPlugin
2024-10-07 18:45:07,263 [INFO] PluginManager:220 - loadIPPluginJar : add hash
2024-10-07 18:45:07,263 [INFO] IPUIPlugin:80 - create IPUIPlugin
2024-10-07 18:45:07,263 [INFO] PluginManager:220 - loadIPPluginJar : add ltdc
2024-10-07 18:45:07,267 [INFO] IPUIPlugin:80 - create IPUIPlugin
2024-10-07 18:45:07,267 [INFO] PluginManager:220 - loadIPPluginJar : add dma
2024-10-07 18:45:07,268 [INFO] IPUIPlugin:80 - create IPUIPlugin
2024-10-07 18:45:07,268 [INFO] PluginManager:220 - loadIPPluginJar : add ts
2024-10-07 18:45:07,271 [INFO] IPUIPlugin:80 - create IPUIPlugin
2024-10-07 18:45:07,271 [INFO] PluginManager:220 - loadIPPluginJar : add fmc
2024-10-07 18:45:07,274 [INFO] IPUIPlugin:80 - create IPUIPlugin
2024-10-07 18:45:07,274 [INFO] PluginManager:220 - loadIPPluginJar : add gic
2024-10-07 18:45:07,364 [INFO] CADModel:165 - CPN selected for project level
2024-10-07 18:45:07,364 [INFO] CADModel:114 - Register for checkConnection events
2024-10-07 18:45:07,364 [FATAL] Updater:334 - Updater called before beeing initialized
2024-10-07 18:45:07,365 [ERROR] CADModel:125 - Updater not yet initialized, retry later 
2024-10-07 18:45:07,434 [INFO] CADModel:165 - CPN selected for project level
2024-10-07 18:45:07,434 [INFO] CADModel:114 - Register for checkConnection events
2024-10-07 18:45:07,434 [FATAL] Updater:334 - Updater called before beeing initialized
2024-10-07 18:45:07,434 [ERROR] CADModel:125 - Updater not yet initialized, retry later 
2024-10-07 18:45:07,437 [FATAL] Updater:334 - Updater called before beeing initialized
2024-10-07 18:45:07,526 [FATAL] Updater:334 - Updater called before beeing initialized
2024-10-07 18:45:07,530 [INFO] DbMcusAds:53 - JSON generation date=Fri Sep 20 08:04:23 CDT 2024 (1726837463113)
2024-10-07 18:45:07,531 [FATAL] Updater:334 - Updater called before beeing initialized
2024-10-07 18:45:07,576 [WARN] DetailPanel:346 - Failed to get advertising image, set to default
2024-10-07 18:45:07,684 [FATAL] Updater:334 - Updater called before beeing initialized
2024-10-07 18:45:07,685 [FATAL] Updater:334 - Updater called before beeing initialized
2024-10-07 18:45:07,685 [FATAL] Updater:334 - Updater called before beeing initialized
2024-10-07 18:45:07,685 [WARN] DetailPanel:346 - Failed to get advertising image, set to default
2024-10-07 18:45:07,686 [FATAL] Updater:334 - Updater called before beeing initialized
2024-10-07 18:45:07,707 [ERROR] Updater:1164 - MainUpdater not yet initialized. External WinMGr cannot be set.
2024-10-07 18:45:07,708 [INFO] Updater:1100 - Updater Version found : 6.12.1
2024-10-07 18:45:07,718 [INFO] ApplicationProperties:184 - Using Application install path: /home/cdelong/st/stm32cubeide_1.16.1/plugins/com.st.stm32cube.common.mx_6.12.1.202409122256
2024-10-07 18:45:08,189 [INFO] MainUpdater:2873 - connection check result : 10
2024-10-07 18:45:08,191 [INFO] MainUpdater:290 - Updater Check For Update Now.
2024-10-07 18:45:08,191 [INFO] MicroXplorer:498 - Change Database Version : DB.6.0.121
2024-10-07 18:45:08,532 [INFO] CheckServerUpdateThread:120 - End of CheckServer Thread
2024-10-07 18:45:08,626 [INFO] MainUpdater:2873 - connection check result : 10
2024-10-07 18:45:08,627 [INFO] MainUpdater:2873 - connection check result : 10
2024-10-07 18:45:10,187 [WARN] PackLoader:240 - Cannot read IP mode file for STMicroelectronics.FP-SNS-MOTENVWB1.1.4.0
2024-10-07 18:45:10,195 [WARN] PackLoader:240 - Cannot read IP mode file for STMicroelectronics.X-CUBE-SMBUS.2.1.0
2024-10-07 18:45:10,201 [WARN] PackLoader:240 - Cannot read IP mode file for STMicroelectronics.X-CUBE-WB05N.1.1.0
2024-10-07 18:45:10,226 [WARN] PackLoader:240 - Cannot read IP mode file for STMicroelectronics.X-CUBE-AZRTOS-F7.1.1.0
2024-10-07 18:45:10,273 [WARN] PackLoader:240 - Cannot read IP mode file for STMicroelectronics.X-CUBE-MEMS1.11.0.0
2024-10-07 18:45:10,408 [WARN] PackLoader:240 - Cannot read IP mode file for STMicroelectronics.FP-SNS-FLIGHT1.5.0.2
2024-10-07 18:45:10,412 [WARN] PackLoader:240 - Cannot read IP mode file for STMicroelectronics.X-CUBE-DISPLAY.3.0.0
2024-10-07 18:45:10,416 [WARN] PackLoader:240 - Cannot read IP mode file for STMicroelectronics.X-CUBE-BLE1.7.0.0
2024-10-07 18:45:10,420 [WARN] PackLoader:240 - Cannot read IP mode file for STMicroelectronics.X-CUBE-NFC10.1.0.0
2024-10-07 18:45:10,423 [WARN] PackLoader:240 - Cannot read IP mode file for emotas.I-CUBE-CANOPEN.1.3.0
2024-10-07 18:45:10,429 [WARN] PackLoader:240 - Cannot read IP mode file for STMicroelectronics.X-CUBE-BLEMGR.3.1.0
2024-10-07 18:45:10,432 [WARN] PackLoader:240 - Cannot read IP mode file for STMicroelectronics.FP-SNS-SMARTAG2.1.2.0
2024-10-07 18:45:10,438 [INFO] LogOutputStream:77 - [STDOUT_REDIRECT] 1 : Invalid condition id : UX_CORESTACK_Condition cause : null
2024-10-07 18:45:10,439 [INFO] LogOutputStream:77 - [STDOUT_REDIRECT] 1 : Invalid condition id : UX_CORESTACK_Condition cause : null
2024-10-07 18:45:10,439 [INFO] LogOutputStream:77 - [STDOUT_REDIRECT] 1 : Invalid condition id : UX_CORESTACK_Condition cause : null
2024-10-07 18:45:10,439 [INFO] LogOutputStream:77 - [STDOUT_REDIRECT] 1 : Invalid condition id : UX_CORESTACK_Condition cause : null
2024-10-07 18:45:10,439 [INFO] LogOutputStream:77 - [STDOUT_REDIRECT] 1 : Invalid condition id : UX_CORESTACK_Condition cause : null
2024-10-07 18:45:10,441 [WARN] PackLoader:240 - Cannot read IP mode file for STMicroelectronics.X-CUBE-AZRTOS-WL.2.0.0
2024-10-07 18:45:10,444 [WARN] PackLoader:240 - Cannot read IP mode file for STMicroelectronics.FP-SNS-MOTENV1.5.0.0
2024-10-07 18:45:10,447 [WARN] PackLoader:240 - Cannot read IP mode file for wolfSSL.I-CUBE-wolfMQTT.1.19.0
2024-10-07 18:45:10,451 [WARN] PackLoader:240 - Cannot read IP mode file for WES.I-CUBE-Cesium.1.3.0
2024-10-07 18:45:10,453 [WARN] PackLoader:240 - Cannot read IP mode file for STMicroelectronics.X-CUBE-BLE2.3.3.0
2024-10-07 18:45:10,457 [WARN] PackLoader:240 - Cannot read IP mode file for STMicroelectronics.X-CUBE-NFC9.1.0.0
2024-10-07 18:45:10,461 [WARN] PackLoader:240 - Cannot read IP mode file for STMicroelectronics.X-CUBE-TCPP.4.1.0
2024-10-07 18:45:10,473 [WARN] PackLoader:240 - Cannot read IP mode file for STMicroelectronics.X-CUBE-AZRTOS-G0.1.1.0
2024-10-07 18:45:10,477 [WARN] PackLoader:240 - Cannot read IP mode file for STMicroelectronics.X-CUBE-SAFEA1.1.2.2
2024-10-07 18:45:10,481 [WARN] PackLoader:240 - Cannot read IP mode file for STMicroelectronics.X-CUBE-NFC4.3.0.0
2024-10-07 18:45:10,487 [WARN] PackLoader:240 - Cannot read IP mode file for EmbeddedOffice.I-CUBE-FS-RTOS.1.0.1
2024-10-07 18:45:10,487 [ERROR] ConditionMgr:805 - Attr not supported : Dmpu
2024-10-07 18:45:10,487 [ERROR] ConditionMgr:805 - Attr not supported : Dmpu
2024-10-07 18:45:10,487 [ERROR] ConditionMgr:805 - Attr not supported : Dmpu
2024-10-07 18:45:10,487 [ERROR] ConditionMgr:805 - Attr not supported : Dmpu
2024-10-07 18:45:10,487 [ERROR] ConditionMgr:805 - Attr not supported : Dmpu
2024-10-07 18:45:10,487 [ERROR] ConditionMgr:805 - Attr not supported : Dmpu
2024-10-07 18:45:10,487 [ERROR] ConditionMgr:805 - Attr not supported : Dmpu
2024-10-07 18:45:10,487 [ERROR] ConditionMgr:805 - Attr not supported : Dmpu
2024-10-07 18:45:10,487 [ERROR] ConditionMgr:805 - Attr not supported : Dmpu
2024-10-07 18:45:10,487 [ERROR] ConditionMgr:805 - Attr not supported : Dmpu
2024-10-07 18:45:10,487 [ERROR] ConditionMgr:805 - Attr not supported : Dmpu
2024-10-07 18:45:10,487 [ERROR] ConditionMgr:805 - Attr not supported : Dmpu
2024-10-07 18:45:10,488 [ERROR] ConditionMgr:805 - Attr not supported : Dmpu
2024-10-07 18:45:10,488 [ERROR] ConditionMgr:805 - Attr not supported : Dmpu
2024-10-07 18:45:10,488 [ERROR] ConditionMgr:805 - Attr not supported : Dmpu
2024-10-07 18:45:10,488 [ERROR] ConditionMgr:805 - Attr not supported : Dmpu
2024-10-07 18:45:10,488 [ERROR] ConditionMgr:805 - Attr not supported : Dmpu
2024-10-07 18:45:10,488 [ERROR] ConditionMgr:805 - Attr not supported : Dmpu
2024-10-07 18:45:10,488 [ERROR] ConditionMgr:805 - Attr not supported : Dmpu
2024-10-07 18:45:10,488 [ERROR] ConditionMgr:805 - Attr not supported : Dmpu
2024-10-07 18:45:10,488 [ERROR] ConditionMgr:805 - Attr not supported : Dmpu
2024-10-07 18:45:10,488 [ERROR] ConditionMgr:805 - Attr not supported : Dmpu
2024-10-07 18:45:10,488 [ERROR] ConditionMgr:805 - Attr not supported : Dmpu
2024-10-07 18:45:10,488 [ERROR] ConditionMgr:805 - Attr not supported : Dmpu
2024-10-07 18:45:10,488 [ERROR] ConditionMgr:805 - Attr not supported : Dmpu
2024-10-07 18:45:10,488 [ERROR] ConditionMgr:805 - Attr not supported : Dmpu
2024-10-07 18:45:10,488 [ERROR] ConditionMgr:805 - Attr not supported : Dmpu
2024-10-07 18:45:10,488 [ERROR] ConditionMgr:805 - Attr not supported : Dmpu
2024-10-07 18:45:10,488 [ERROR] ConditionMgr:805 - Attr not supported : Dmpu
2024-10-07 18:45:10,488 [ERROR] ConditionMgr:805 - Attr not supported : Dmpu
2024-10-07 18:45:10,488 [ERROR] ConditionMgr:805 - Attr not supported : Dmpu
2024-10-07 18:45:10,488 [ERROR] ConditionMgr:805 - Attr not supported : Dmpu
2024-10-07 18:45:10,488 [ERROR] ConditionMgr:805 - Attr not supported : Dmpu
2024-10-07 18:45:10,489 [ERROR] ConditionMgr:805 - Attr not supported : Dmpu
2024-10-07 18:45:10,489 [ERROR] ConditionMgr:805 - Attr not supported : Dmpu
2024-10-07 18:45:10,489 [ERROR] ConditionMgr:805 - Attr not supported : Dmpu
2024-10-07 18:45:10,489 [ERROR] ConditionMgr:805 - Attr not supported : Dmpu
2024-10-07 18:45:10,489 [ERROR] ConditionMgr:805 - Attr not supported : Dmpu
2024-10-07 18:45:10,489 [ERROR] ConditionMgr:805 - Attr not supported : Dmpu
2024-10-07 18:45:10,489 [ERROR] ConditionMgr:805 - Attr not supported : Dmpu
2024-10-07 18:45:10,489 [ERROR] ConditionMgr:805 - Attr not supported : Dmpu
2024-10-07 18:45:10,489 [ERROR] ConditionMgr:805 - Attr not supported : Dmpu
2024-10-07 18:45:10,489 [ERROR] ConditionMgr:805 - Attr not supported : Dmpu
2024-10-07 18:45:10,489 [ERROR] ConditionMgr:805 - Attr not supported : Dmpu
2024-10-07 18:45:10,489 [ERROR] ConditionMgr:805 - Attr not supported : Dmpu
2024-10-07 18:45:10,489 [ERROR] ConditionMgr:805 - Attr not supported : Dmpu
2024-10-07 18:45:10,489 [ERROR] ConditionMgr:805 - Attr not supported : Dmpu
2024-10-07 18:45:10,489 [ERROR] ConditionMgr:805 - Attr not supported : Dmpu
2024-10-07 18:45:10,489 [ERROR] ConditionMgr:805 - Attr not supported : Dmpu
2024-10-07 18:45:10,489 [ERROR] ConditionMgr:805 - Attr not supported : Dmpu
2024-10-07 18:45:10,489 [ERROR] ConditionMgr:805 - Attr not supported : Dmpu
2024-10-07 18:45:10,489 [ERROR] ConditionMgr:805 - Attr not supported : Dmpu
2024-10-07 18:45:10,490 [ERROR] ConditionMgr:805 - Attr not supported : Dmpu
2024-10-07 18:45:10,490 [ERROR] ConditionMgr:805 - Attr not supported : Dmpu
2024-10-07 18:45:10,490 [ERROR] ConditionMgr:805 - Attr not supported : Dmpu
2024-10-07 18:45:10,490 [ERROR] ConditionMgr:805 - Attr not supported : Dmpu
2024-10-07 18:45:10,490 [ERROR] ConditionMgr:805 - Attr not supported : Dmpu
2024-10-07 18:45:10,490 [ERROR] ConditionMgr:805 - Attr not supported : Dmpu
2024-10-07 18:45:10,490 [ERROR] ConditionMgr:805 - Attr not supported : Dmpu
2024-10-07 18:45:10,490 [ERROR] ConditionMgr:805 - Attr not supported : Dmpu
2024-10-07 18:45:10,490 [ERROR] ConditionMgr:805 - Attr not supported : Dmpu
2024-10-07 18:45:10,490 [ERROR] ConditionMgr:805 - Attr not supported : Dmpu
2024-10-07 18:45:10,490 [ERROR] ConditionMgr:805 - Attr not supported : Dmpu
2024-10-07 18:45:10,490 [ERROR] ConditionMgr:805 - Attr not supported : Dmpu
2024-10-07 18:45:10,492 [WARN] PackLoader:240 - Cannot read IP mode file for RealThread.X-CUBE-RT-Thread_Nano.4.1.1
2024-10-07 18:45:10,494 [WARN] PackLoader:240 - Cannot read IP mode file for STMicroelectronics.FP-ATR-SIGFOX1.3.2.0
2024-10-07 18:45:10,496 [WARN] PackLoader:240 - Cannot read IP mode file for wolfSSL.I-CUBE-wolfSSL.5.7.2
2024-10-07 18:45:10,499 [WARN] PackLoader:240 - Cannot read IP mode file for STMicroelectronics.X-CUBE-EEPRMA1.5.1.0
2024-10-07 18:45:10,502 [WARN] PackLoader:240 - Cannot read IP mode file for ITTIA_DB.I-CUBE-ITTIADB.8.9.0
2024-10-07 18:45:10,531 [WARN] PackLoader:240 - Cannot read IP mode file for SEGGER.I-CUBE-embOS.1.3.1
2024-10-07 18:45:10,559 [WARN] PackLoader:240 - Cannot read IP mode file for STMicroelectronics.X-CUBE-ALGOBUILD.1.4.0
2024-10-07 18:45:10,561 [WARN] PackLoader:240 - Cannot read IP mode file for STMicroelectronics.X-CUBE-AI.9.1.0
2024-10-07 18:45:10,571 [WARN] PackLoader:240 - Cannot read IP mode file for STMicroelectronics.X-CUBE-AZRTOS-F4.1.1.0
2024-10-07 18:45:10,574 [WARN] PackLoader:240 - Cannot read IP mode file for STMicroelectronics.X-CUBE-ISPU.2.1.0
2024-10-07 18:45:10,577 [WARN] PackLoader:240 - Cannot read IP mode file for STMicroelectronics.X-CUBE-FREERTOS.1.2.0
2024-10-07 18:45:10,588 [WARN] PackLoader:240 - Cannot read IP mode file for STMicroelectronics.X-CUBE-AZRTOS-L5.2.0.0
2024-10-07 18:45:10,593 [WARN] PackLoader:240 - Cannot read IP mode file for STMicroelectronics.X-CUBE-NFC6.3.1.0
2024-10-07 18:45:10,596 [WARN] PackLoader:240 - Cannot read IP mode file for STMicroelectronics.X-CUBE-DPower.1.2.0
2024-10-07 18:45:10,598 [WARN] PackLoader:240 - Cannot read IP mode file for STMicroelectronics.X-CUBE-AI.9.0.0
2024-10-07 18:45:10,600 [WARN] PackLoader:240 - Cannot read IP mode file for STMicroelectronics.X-CUBE-NFC7.1.0.1
2024-10-07 18:45:10,611 [WARN] ConditionMgr:438 - getConditionDescription Invalid condition id : LAN8742 Phy interface Condition cause : null
2024-10-07 18:45:10,612 [WARN] PackLoader:240 - Cannot read IP mode file for STMicroelectronics.X-CUBE-AZRTOS-L4.2.0.0
2024-10-07 18:45:10,612 [WARN] ConditionMgr:1039 - genDependencies : Invalid condition id : LAN8742 Phy interface Condition cause : null
2024-10-07 18:45:10,613 [WARN] ConditionMgr:1039 - genDependencies : Invalid condition id : LAN8742 Phy interface Condition cause : null
2024-10-07 18:45:10,613 [WARN] ConditionMgr:1039 - genDependencies : Invalid condition id : LAN8742 Phy interface Condition cause : null
2024-10-07 18:45:10,617 [WARN] PackLoader:240 - Cannot read IP mode file for STMicroelectronics.X-CUBE-SFXS2LP1.4.0.0
2024-10-07 18:45:10,630 [WARN] PackLoader:240 - Cannot read IP mode file for STMicroelectronics.X-CUBE-AZRTOS-H7.3.3.0
2024-10-07 18:45:10,637 [WARN] PackLoader:240 - Cannot read IP mode file for STMicroelectronics.X-CUBE-IPS.3.0.0
2024-10-07 18:45:10,648 [WARN] ConditionMgr:438 - getConditionDescription Invalid condition id : UX DEVICE CLASS RTOS Condition cause : null
2024-10-07 18:45:10,648 [WARN] ConditionMgr:438 - getConditionDescription Invalid condition id : UX DEVICE CLASS RTOS Condition cause : null
2024-10-07 18:45:10,649 [WARN] PackLoader:240 - Cannot read IP mode file for STMicroelectronics.X-CUBE-AZRTOS-WB.2.0.0
2024-10-07 18:45:10,650 [WARN] ConditionMgr:1039 - genDependencies : Invalid condition id : UX DEVICE CLASS RTOS Condition cause : null
2024-10-07 18:45:10,650 [WARN] ConditionMgr:1039 - genDependencies : Invalid condition id : UX DEVICE CLASS RTOS Condition cause : null
2024-10-07 18:45:10,650 [WARN] ConditionMgr:1039 - genDependencies : Invalid condition id : UX DEVICE CLASS RTOS Condition cause : null
2024-10-07 18:45:10,650 [WARN] ConditionMgr:1039 - genDependencies : Invalid condition id : UX DEVICE CLASS RTOS Condition cause : null
2024-10-07 18:45:10,650 [WARN] ConditionMgr:1039 - genDependencies : Invalid condition id : UX DEVICE CLASS RTOS Condition cause : null
2024-10-07 18:45:10,653 [WARN] PackLoader:240 - Cannot read IP mode file for STMicroelectronics.X-CUBE-GNSS1.7.0.0
2024-10-07 18:45:10,657 [WARN] PackLoader:240 - Cannot read IP mode file for STMicroelectronics.FP-SNS-STBOX1.2.0.0
2024-10-07 18:45:10,663 [WARN] PackLoader:240 - Cannot read IP mode file for STMicroelectronics.X-CUBE-SUBG2.5.0.0
2024-10-07 18:45:10,667 [WARN] PackLoader:240 - Cannot read IP mode file for Cesanta.I-CUBE-Mongoose.7.13.0
2024-10-07 18:45:10,676 [WARN] PackLoader:240 - Cannot read IP mode file for STMicroelectronics.X-CUBE-AZRTOS-G4.2.0.0
2024-10-07 18:45:10,679 [WARN] PackLoader:240 - Cannot read IP mode file for STMicroelectronics.X-CUBE-ALS.1.0.2
2024-10-07 18:45:10,685 [WARN] PackLoader:240 - Cannot read IP mode file for STMicroelectronics.X-CUBE-TOUCHGFX.4.24.1
2024-10-07 18:45:10,687 [WARN] PackLoader:240 - Cannot read IP mode file for wolfSSL.I-CUBE-wolfTPM.3.4.0
2024-10-07 18:45:10,689 [WARN] PackLoader:240 - Cannot read IP mode file for portGmbH.I-Cube-SoM-uGOAL.1.1.0
2024-10-07 18:45:10,702 [WARN] PackLoader:240 - Cannot read IP mode file for STMicroelectronics.X-CUBE-AZRTOS-H7RS.1.0.0
2024-10-07 18:45:10,705 [WARN] PackLoader:240 - Cannot read IP mode file for STMicroelectronics.FP-ATR-ASTRA1.2.0.0
2024-10-07 18:45:10,712 [WARN] PackLoader:240 - Cannot read IP mode file for STMicroelectronics.X-CUBE-TOF1.3.4.2
2024-10-07 18:45:10,731 [WARN] PackLoader:240 - Cannot read IP mode file for Infineon.AIROC-Wi-Fi-Bluetooth-STM32.1.6.1
2024-10-07 18:45:10,736 [WARN] PackLoader:240 - Cannot read IP mode file for wolfSSL.I-CUBE-wolfSSH.1.4.17
2024-10-07 18:45:10,736 [INFO] ThirdParty:978 - Integrity check success = true
2024-10-07 18:45:10,736 [INFO] IntegrityCheckThread:100 - exiting critical section [integrity check]
2024-10-07 18:45:10,736 [INFO] IntegrityCheckThread:103 - End integrity checks thread
