../Core/Src/main.c:79:5:main	24	static
../Core/Src/main.c:149:6:SystemClock_Config	88	static
../Core/Src/main.c:195:13:MX_ADC1_Init	24	static
../Core/Src/main.c:247:13:MX_I2C1_Init	8	static
../Core/Src/main.c:281:13:MX_I2S2_Init	8	static
../Core/Src/main.c:315:13:MX_TIM2_Init	64	static
../Core/Src/main.c:374:13:MX_USB_OTG_FS_USB_Init	4	static
../Core/Src/main.c:393:13:MX_DMA_Init	16	static
../Core/Src/main.c:414:13:MX_GPIO_Init	48	static
../Core/Src/main.c:462:6:Error_Handler	4	static,ignoring_inline_asm
